Microchip MPLAB XC8 Compiler V3.10

Linker command line:

-W-3 \
  --edf=C:\Program Files\Microchip\xc8\v3.10\pic\dat\20250813170317_en.msgs \
  -pivt0x8=08h -cn -h+dist/default/debug\Weapon_code.X.debug.sym \
  --cmf=dist/default/debug\Weapon_code.X.debug.cmf -z -Q18F57Q43 \
  -oC:\Users\janss\AppData\Local\Temp\xcAscwg.0\driver_tmp_3.o \
  --defsym=__MPLAB_BUILD=1 --fixupoverflow=error \
  -Mdist/default/debug/Weapon_code.X.debug.map \
  --md=C:\Users\janss\AppData\Local\Temp\xcAscwg.0\driver_tmp_0.dat -E1 \
  -ver=XC8 Compiler -ACODE=00h-01FFFFh -ACONST=00h-01FFFFh \
  -ASMALLCONST=02600h-026FFhx218,012600h-0126FFhx218 \
  -AMEDIUMCONST=02600h-0FFFFh,012600h-01FFFFh -ACOMRAM=0501h-055Fh \
  -AABS1=0500h-024FFh -ABIGRAM=0501h-024FFh \
  -ARAM=0560h-05FFh,0600h-06FFhx31 -ABANK5=0560h-05FFh -ABANK6=0600h-06FFh \
  -ABANK7=0700h-07FFh -ABANK8=0800h-08FFh -ABANK9=0900h-09FFh \
  -ABANK10=0A00h-0AFFh -ABANK11=0B00h-0BFFh -ABANK12=0C00h-0CFFh \
  -ABANK13=0D00h-0DFFh -ABANK14=0E00h-0EFFh -ABANK15=0F00h-0FFFh \
  -ABANK16=01000h-010FFh -ABANK17=01100h-011FFh -ABANK18=01200h-012FFh \
  -ABANK19=01300h-013FFh -ABANK20=01400h-014FFh -ABANK21=01500h-015FFh \
  -ABANK22=01600h-016FFh -ABANK23=01700h-017FFh -ABANK24=01800h-018FFh \
  -ABANK25=01900h-019FFh -ABANK26=01A00h-01AFFh -ABANK27=01B00h-01BFFh \
  -ABANK28=01C00h-01CFFh -ABANK29=01D00h-01DFFh -ABANK30=01E00h-01EFFh \
  -ABANK31=01F00h-01FFFh -ABANK32=02000h-020FFh -ABANK33=02100h-021FFh \
  -ABANK34=02200h-022FFh -ABANK35=02300h-023FFh -ABANK36=02400h-024FFh \
  -ASFR=00h-0FFhx4,0400h-045Fh,0460h-04FFh,02500h-025FFh \
  -ABIGSFR=00h-04FFh,02500h-025FFh -ACONFIG=0300000h-0300011h \
  -AIDLOC=0200000h-020003Fh -AEEDATA=0380000h-03803FFh -peeprom_data=EEDATA \
  -preset_vec=00h -ppowerup=CODE,init -pramtop=02600h \
  -psmallconst=SMALLCONST -pmediumconst=MEDIUMCONST -pconst=CONST \
  -AFARRAM=00h-00h \
  -prdata=COMRAM,nvrram=COMRAM,nvbit=COMRAM,rbss=COMRAM,rbit=COMRAM \
  -pfarbss=FARRAM,fardata=FARRAM,nvFARRAM=FARRAM \
  -pintsave_regs=BIGRAM,bigbss=BIGRAM,bigdata=BIGRAM -pbss=RAM \
  -pidata=CODE,irdata=CODE,ibigdata=CODE,ifardata=CODE -prparam=COMRAM \
  C:\Users\janss\AppData\Local\Temp\xcAscwg.0\driver_tmp_9.o \
  dist/default/debug\Weapon_code.X.debug.o 

Object code version is 3.11

Machine type is 18F57Q43



                Name                               Link     Load   Length Selector   Space Scale
C:\Users\janss\AppData\Local\Temp\xcAscwg.0\driver_tmp_9.o
                config                           300000   300000        A        0       4
                init                                102      102        4        4       0
                reset_vec                             0        0        4        0       0
dist/default/debug\Weapon_code.X.debug.o
                config                           300000   300000        A        0       4
                smallconst                         2600     2600       24     1300       0
                ivt0x8                                8        8       FA        4       0
                text36                             2BFC     2BFC        E      AC4       0
                text35                             278C     278C       9A     1312       0
                text34                             26F2     26F2       9A     1312       0
                text33                             2932     2932       38      A2A       0
                text32                             2C18     2C18        2      AC4       0
                text31                             28A8     28A8       4C      A2A       0
                text30                             2C16     2C16        2      AC4       0
                text29                             2A96     2A96       30      A2A       0
                text28                             2B40     2B40       18      AC4       0
                text27                             2C14     2C14        2      AC4       0
                text26                             2A66     2A66       30      A2A       0
                text25                             2B28     2B28       18      AC4       0
                text24                             2C12     2C12        2      AC4       0
                text23                             2A36     2A36       30      A2A       0
                text22                             2B10     2B10       18      AC4       0
                text21                             2C10     2C10        2      AC4       0
                text20                             2C0E     2C0E        2      AC4       0
                text19                             29D2     29D2       34      A2A       0
                text18                             2C0C     2C0C        2      AC4       0
                text17                             299E     299E       34      A2A       0
                text16                             2C0A     2C0A        2      AC4       0
                text15                             296A     296A       34      A2A       0
                text14                             28F4     28F4       3E      A2A       0
                text13                             2AF0     2AF0       1E      A2A       0
                text12                             2B82     2B82       14      AC4       0
                text11                             2BEE     2BEE        E      AC4       0
                text10                             2BE0     2BE0        E      AC4       0
                text9                              2BD2     2BD2        E      AC4       0
                text8                              2826     2826       80     1312       0
                text7                              2BC4     2BC4        E      AC4       0
                text6                              2BB6     2BB6        E      AC4       0
                text5                              2BA8     2BA8        E      AC4       0
                text4                              2624     2624       CE     1312       0
                text3                              2A06     2A06       30      A2A       0
                text2                              2B96     2B96       12      AC4       0
                text1                              2B58     2B58       16      AC4       0
                text0                              2B6E     2B6E       14      AC4       0
                cstackCOMRAM                        516      516       12      501       1
                dataCOMRAM                          52A      52A        1      501       1
                bssCOMRAM                           528      528        2      501       1
                cinit                              2AC6     2AC6       2A      A2A       0
                nvCOMRAM                            501      501       15      501       1
                idataCOMRAM                        2C1A     2C1A        1      AC4       0

TOTAL           Name                               Link     Load   Length     Space
        CLASS   CODE           
                init                                102      102        4         0
                reset_vec                             0        0        4         0
                ivt0x8                                8        8       FA         0
                text36                             2BFC     2BFC        E         0
                text35                             278C     278C       9A         0
                text34                             26F2     26F2       9A         0
                text33                             2932     2932       38         0
                text32                             2C18     2C18        2         0
                text31                             28A8     28A8       4C         0
                text30                             2C16     2C16        2         0
                text29                             2A96     2A96       30         0
                text28                             2B40     2B40       18         0
                text27                             2C14     2C14        2         0
                text26                             2A66     2A66       30         0
                text25                             2B28     2B28       18         0
                text24                             2C12     2C12        2         0
                text23                             2A36     2A36       30         0
                text22                             2B10     2B10       18         0
                text21                             2C10     2C10        2         0
                text20                             2C0E     2C0E        2         0
                text19                             29D2     29D2       34         0
                text18                             2C0C     2C0C        2         0
                text17                             299E     299E       34         0
                text16                             2C0A     2C0A        2         0
                text15                             296A     296A       34         0
                text14                             28F4     28F4       3E         0
                text13                             2AF0     2AF0       1E         0
                text12                             2B82     2B82       14         0
                text11                             2BEE     2BEE        E         0
                text10                             2BE0     2BE0        E         0
                text9                              2BD2     2BD2        E         0
                text8                              2826     2826       80         0
                text7                              2BC4     2BC4        E         0
                text6                              2BB6     2BB6        E         0
                text5                              2BA8     2BA8        E         0
                text4                              2624     2624       CE         0
                text3                              2A06     2A06       30         0
                text2                              2B96     2B96       12         0
                text1                              2B58     2B58       16         0
                text0                              2B6E     2B6E       14         0
                cinit                              2AC6     2AC6       2A         0
                idataCOMRAM                        2C1A     2C1A        1         0

        CLASS   CONST          

        CLASS   SMALLCONST     
                smallconst                         2600     2600       24         0

        CLASS   MEDIUMCONST    

        CLASS   COMRAM         
                cstackCOMRAM                        516      516       12         1
                dataCOMRAM                          52A      52A        1         1
                bssCOMRAM                           528      528        2         1
                nvCOMRAM                            501      501       15         1

        CLASS   ABS1           

        CLASS   BIGRAM         

        CLASS   RAM            

        CLASS   BANK5          

        CLASS   BANK6          

        CLASS   BANK7          

        CLASS   BANK8          

        CLASS   BANK9          

        CLASS   BANK10         

        CLASS   BANK11         

        CLASS   BANK12         

        CLASS   BANK13         

        CLASS   BANK14         

        CLASS   BANK15         

        CLASS   BANK16         

        CLASS   BANK17         

        CLASS   BANK18         

        CLASS   BANK19         

        CLASS   BANK20         

        CLASS   BANK21         

        CLASS   BANK22         

        CLASS   BANK23         

        CLASS   BANK24         

        CLASS   BANK25         

        CLASS   BANK26         

        CLASS   BANK27         

        CLASS   BANK28         

        CLASS   BANK29         

        CLASS   BANK30         

        CLASS   BANK31         

        CLASS   BANK32         

        CLASS   BANK33         

        CLASS   BANK34         

        CLASS   BANK35         

        CLASS   BANK36         

        CLASS   SFR            

        CLASS   BIGSFR         

        CLASS   CONFIG         
                config                           300000   300000        A         4

        CLASS   IDLOC          

        CLASS   EEDATA         

        CLASS   FARRAM         

        CLASS   HEAP           

        CLASS   STACK          



SEGMENTS        Name                           Load    Length   Top    Selector   Space  Class

                reset_vec                      000000  000004  000004         0       0  CODE    
                ivt0x8                         000008  0000FE  000106         4       0  CODE    
                nvCOMRAM                       000501  00002A  00052B       501       1  COMRAM  
                smallconst                     002600  000024  002624      1300       0  SMALLCON
                text4                          002624  000282  0028A6      1312       0  CODE    
                text31                         0028A8  000266  002B0E       A2A       0  CODE    
                text22                         002B10  00010B  002C1B       AC4       0  CODE    


UNUSED ADDRESS RANGES

        Name                Unused          Largest block    Delta
        BANK10           000A00-000AFF              100
        BANK11           000B00-000BFF              100
        BANK12           000C00-000CFF              100
        BANK13           000D00-000DFF              100
        BANK14           000E00-000EFF              100
        BANK15           000F00-000FFF              100
        BANK16           001000-0010FF              100
        BANK17           001100-0011FF              100
        BANK18           001200-0012FF              100
        BANK19           001300-0013FF              100
        BANK20           001400-0014FF              100
        BANK21           001500-0015FF              100
        BANK22           001600-0016FF              100
        BANK23           001700-0017FF              100
        BANK24           001800-0018FF              100
        BANK25           001900-0019FF              100
        BANK26           001A00-001AFF              100
        BANK27           001B00-001BFF              100
        BANK28           001C00-001CFF              100
        BANK29           001D00-001DFF              100
        BANK30           001E00-001EFF              100
        BANK31           001F00-001FFF              100
        BANK32           002000-0020FF              100
        BANK33           002100-0021FF              100
        BANK34           002200-0022FF              100
        BANK35           002300-0023FF              100
        BANK36           002400-0024FF              100
        BANK5            000560-0005FF               A0
        BANK6            000600-0006FF              100
        BANK7            000700-0007FF              100
        BANK8            000800-0008FF              100
        BANK9            000900-0009FF              100
        BIGRAM           00052B-0024FF             1FD5
        BIGSFR           000000-0004FF              500
                         002500-0025FF              100
        CODE             000004-000007                4
                         000106-0025FF             24FA
                         0028A6-0028A7                2
                         002B0E-002B0F                2
                         002C1B-01FFFF            1D3E5
        COMRAM           00052B-00055F               35
        CONFIG           30000A-300011                8
        CONST            000004-000007                4
                         000106-0025FF             24FA
                         0028A6-0028A7                2
                         002B0E-002B0F                2
                         002C1B-01FFFF            1D3E5
        EEDATA           380000-3803FF              400
        IDLOC            200000-20003F               40
        MEDIUMCONST      0028A6-0028A7                2
                         002B0E-002B0F                2
                         002C1B-00FFFF             D3E5
                         012600-01FFFF             DA00
        RAM              000560-0024FF              100
        SFR              000000-0004FF              100
                         002500-0025FF              100
        SMALLCONST       0028A6-0028A7                2
                         002B0E-002B0F                2
                         002C1B-00FFFF              100
                         012600-01FFFF              100

                                  Symbol Table

INT0_SetInterruptHandler@InterruptHandler     cstackCOMRAM 000524
INT1_SetInterruptHandler@InterruptHandler     cstackCOMRAM 000524
INT2_SetInterruptHandler@InterruptHandler     cstackCOMRAM 000524
INTERRUPT_Initialize@state                    cstackCOMRAM 000527
IO_RA5_SetInterruptHandler@InterruptHandler   cstackCOMRAM 000524
IO_RA6_SetInterruptHandler@InterruptHandler   cstackCOMRAM 000524
IO_RA7_SetInterruptHandler@InterruptHandler   cstackCOMRAM 000524
IVTBASEH                                      (abs)        00045E
IVTBASEL                                      (abs)        00045D
IVTBASEU                                      (abs)        00045F
TMR0_OverflowCallbackRegister@callbackHandler cstackCOMRAM 00051C
_ACTCON                                       (abs)        0000AC
_ANSELA                                       (abs)        000400
_ANSELB                                       (abs)        000408
_ANSELC                                       (abs)        000410
_ANSELD                                       (abs)        000418
_ANSELE                                       (abs)        000420
_ANSELF                                       (abs)        000428
_CLOCK_Initialize                             text12       002B82
_Default_ISR                                  text21       002C10
_GIE                                          (abs)        0026B7
_INLVLA                                       (abs)        000404
_INLVLB                                       (abs)        00040C
_INLVLC                                       (abs)        000414
_INLVLD                                       (abs)        00041C
_INLVLE                                       (abs)        000424
_INLVLF                                       (abs)        00042C
_INT0PPS                                      (abs)        00023E
_INT0_CallBack                                text23       002A36
_INT0_DefaultInterruptHandler                 text24       002C12
_INT0_ISR                                     text22       002B10
_INT0_InterruptHandler                        nvCOMRAM     00050A
_INT0_SetInterruptHandler                     text11       002BEE
_INT1PPS                                      (abs)        00023F
_INT1_CallBack                                text26       002A66
_INT1_DefaultInterruptHandler                 text27       002C14
_INT1_ISR                                     text25       002B28
_INT1_InterruptHandler                        nvCOMRAM     000507
_INT1_SetInterruptHandler                     text10       002BE0
_INT2_CallBack                                text29       002A96
_INT2_DefaultInterruptHandler                 text30       002C16
_INT2_ISR                                     text28       002B40
_INT2_InterruptHandler                        nvCOMRAM     000504
_INT2_SetInterruptHandler                     text9        002BD2
_INTCON0bits                                  (abs)        0004D6
_INTERRUPT_Initialize                         text8        002826
_IOCAF                                        (abs)        000407
_IOCAFbits                                    (abs)        000407
_IOCAN                                        (abs)        000406
_IOCAP                                        (abs)        000405
_IOCBF                                        (abs)        00040F
_IOCBN                                        (abs)        00040E
_IOCBP                                        (abs)        00040D
_IOCCF                                        (abs)        000417
_IOCCN                                        (abs)        000416
_IOCCP                                        (abs)        000415
_IOCEF                                        (abs)        000427
_IOCEN                                        (abs)        000426
_IOCEP                                        (abs)        000425
_IOC_ISR                                      text13       002AF0
_IO_RA5_DefaultInterruptHandler               text20       002C0E
_IO_RA5_ISR                                   text19       0029D2
_IO_RA5_InterruptHandler                      nvCOMRAM     000513
_IO_RA5_SetInterruptHandler                   text7        002BC4
_IO_RA6_DefaultInterruptHandler               text18       002C0C
_IO_RA6_ISR                                   text17       00299E
_IO_RA6_InterruptHandler                      nvCOMRAM     000510
_IO_RA6_SetInterruptHandler                   text6        002BB6
_IO_RA7_DefaultInterruptHandler               text16       002C0A
_IO_RA7_ISR                                   text15       00296A
_IO_RA7_InterruptHandler                      nvCOMRAM     00050D
_IO_RA7_SetInterruptHandler                   text5        002BA8
_IPR0bits                                     (abs)        000362
_IPR1bits                                     (abs)        000363
_IPR3bits                                     (abs)        000365
_IPR6bits                                     (abs)        000368
_IVTBASEH                                     (abs)        00045E
_IVTBASEL                                     (abs)        00045D
_IVTBASEU                                     (abs)        00045F
_IVTLOCK                                      (abs)        000459
_IVTLOCKbits                                  (abs)        000459
_LATA                                         (abs)        0004BE
_LATAbits                                     (abs)        0004BE
_LATB                                         (abs)        0004BF
_LATBbits                                     (abs)        0004BF
_LATC                                         (abs)        0004C0
_LATCbits                                     (abs)        0004C0
_LATD                                         (abs)        0004C1
_LATDbits                                     (abs)        0004C1
_LATE                                         (abs)        0004C2
_LATF                                         (abs)        0004C3
_ODCONA                                       (abs)        000402
_ODCONB                                       (abs)        00040A
_ODCONC                                       (abs)        000412
_ODCOND                                       (abs)        00041A
_ODCONE                                       (abs)        000422
_ODCONF                                       (abs)        00042A
_OSCCON1                                      (abs)        0000AD
_OSCCON3                                      (abs)        0000AF
_OSCEN                                        (abs)        0000B3
_OSCFRQ                                       (abs)        0000B1
_OSCTUNE                                      (abs)        0000B0
_PIE0bits                                     (abs)        00049E
_PIE1bits                                     (abs)        00049F
_PIE3bits                                     (abs)        0004A1
_PIE6bits                                     (abs)        0004A4
_PIN_MANAGER_IOC                              text14       0028F4
_PIN_MANAGER_Initialize                       text4        002624
_PIR10bits                                    (abs)        0004B8
_PIR1bits                                     (abs)        0004AF
_PIR3bits                                     (abs)        0004B1
_PIR6bits                                     (abs)        0004B4
_RB1I2C                                       (abs)        000289
_RB2I2C                                       (abs)        000288
_RC3I2C                                       (abs)        000287
_RC4I2C                                       (abs)        000286
_SLRCONA                                      (abs)        000403
_SLRCONB                                      (abs)        00040B
_SLRCONC                                      (abs)        000413
_SLRCOND                                      (abs)        00041B
_SLRCONE                                      (abs)        000423
_SLRCONF                                      (abs)        00042B
_SYSTEM_Initialize                            text2        002B96
_T0CON0                                       (abs)        00031A
_T0CON0bits                                   (abs)        00031A
_T0CON1                                       (abs)        00031B
_TMR0H                                        (abs)        000319
_TMR0L                                        (abs)        000318
_TMR0_CounterGet                              (abs)        000000
_TMR0_CounterSet                              (abs)        000000
_TMR0_DefaultOverflowCallback                 text32       002C18
_TMR0_Deinitialize                            (abs)        000000
_TMR0_ISR                                     text31       0028A8
_TMR0_Initialize_startup_sequence             text3        002A06
_TMR0_MaxCountGet                             (abs)        000000
_TMR0_OverflowCallback                        nvCOMRAM     000501
_TMR0_OverflowCallbackRegister                text36       002BFC
_TMR0_PeriodGet                               (abs)        000000
_TMR0_PeriodSet                               (abs)        000000
_TMR0_Start                                   (abs)        000000
_TMR0_Stop                                    (abs)        000000
_TRISA                                        (abs)        0004C6
_TRISB                                        (abs)        0004C7
_TRISC                                        (abs)        0004C8
_TRISD                                        (abs)        0004C9
_TRISE                                        (abs)        0004CA
_TRISF                                        (abs)        0004CB
_Timer0                                       smallconst   002601
_WPUA                                         (abs)        000401
_WPUB                                         (abs)        000409
_WPUC                                         (abs)        000411
_WPUD                                         (abs)        000419
_WPUE                                         (abs)        000421
_WPUF                                         (abs)        000429
__HRAM                                        (abs)        000000
__H__absolute__                               __absolute__ 000000
__Habs1                                       abs1         000000
__Hbank10                                     bank10       000000
__Hbank11                                     bank11       000000
__Hbank12                                     bank12       000000
__Hbank13                                     bank13       000000
__Hbank14                                     bank14       000000
__Hbank15                                     bank15       000000
__Hbank16                                     bank16       000000
__Hbank17                                     bank17       000000
__Hbank18                                     bank18       000000
__Hbank19                                     bank19       000000
__Hbank20                                     bank20       000000
__Hbank21                                     bank21       000000
__Hbank22                                     bank22       000000
__Hbank23                                     bank23       000000
__Hbank24                                     bank24       000000
__Hbank25                                     bank25       000000
__Hbank26                                     bank26       000000
__Hbank27                                     bank27       000000
__Hbank28                                     bank28       000000
__Hbank29                                     bank29       000000
__Hbank30                                     bank30       000000
__Hbank31                                     bank31       000000
__Hbank32                                     bank32       000000
__Hbank33                                     bank33       000000
__Hbank34                                     bank34       000000
__Hbank35                                     bank35       000000
__Hbank36                                     bank36       000000
__Hbank5                                      bank5        000000
__Hbank6                                      bank6        000000
__Hbank7                                      bank7        000000
__Hbank8                                      bank8        000000
__Hbank9                                      bank9        000000
__Hbigbss                                     bigbss       000000
__Hbigdata                                    bigdata      000000
__Hbigram                                     bigram       000000
__Hbigsfr                                     bigsfr       000000
__Hbss                                        bss          000000
__HbssCOMRAM                                  bssCOMRAM    000000
__Hcinit                                      cinit        000000
__Hclrtext                                    clrtext      000000
__Hcomram                                     comram       000000
__Hconfig                                     config       30000A
__Hconst                                      const        000000
__HcstackCOMRAM                               cstackCOMRAM 000000
__Hdata                                       data         000000
__HdataCOMRAM                                 dataCOMRAM   000000
__Heeprom_data                                eeprom_data  000000
__Hfarbss                                     farbss       000000
__Hfardata                                    fardata      000000
__Hheap                                       heap         000000
__Hibigdata                                   ibigdata     000000
__Hidata                                      idata        000000
__HidataCOMRAM                                idataCOMRAM  000000
__Hidloc                                      idloc        000000
__Hifardata                                   ifardata     000000
__Hinit                                       init         000106
__Hintsave_regs                               intsave_regs 000000
__Hirdata                                     irdata       000000
__Hivt0x8                                     ivt0x8       000102
__Hmediumconst                                mediumconst  000000
__HnvCOMRAM                                   nvCOMRAM     000000
__HnvFARRAM                                   nvFARRAM     000000
__Hnvbit                                      nvbit        000000
__Hnvrram                                     nvrram       000000
__Hparam                                      rparam       000000
__Hpowerup                                    powerup      000000
__Hram                                        ram          000000
__Hramtop                                     ramtop       002600
__Hrbit                                       rbit         000000
__Hrbss                                       rbss         000000
__Hrdata                                      rdata        000000
__Hreset_vec                                  reset_vec    000004
__Hrparam                                     rparam       000000
__Hsfr                                        sfr          000000
__Hsmallconst                                 smallconst   002624
__Hspace_0                                    (abs)        002C1B
__Hspace_1                                    (abs)        00052B
__Hspace_2                                    (abs)        000000
__Hspace_4                                    (abs)        60000A
__Hstack                                      stack        000000
__Hstruct                                     struct       000000
__Htemp                                       temp         000000
__Htext                                       text         000000
__Htext0                                      text0        000000
__Htext1                                      text1        000000
__Htext10                                     text10       000000
__Htext11                                     text11       000000
__Htext12                                     text12       000000
__Htext13                                     text13       000000
__Htext14                                     text14       000000
__Htext15                                     text15       000000
__Htext16                                     text16       000000
__Htext17                                     text17       000000
__Htext18                                     text18       000000
__Htext19                                     text19       000000
__Htext2                                      text2        000000
__Htext20                                     text20       000000
__Htext21                                     text21       000000
__Htext22                                     text22       000000
__Htext23                                     text23       000000
__Htext24                                     text24       000000
__Htext25                                     text25       000000
__Htext26                                     text26       000000
__Htext27                                     text27       000000
__Htext28                                     text28       000000
__Htext29                                     text29       000000
__Htext3                                      text3        000000
__Htext30                                     text30       000000
__Htext31                                     text31       000000
__Htext32                                     text32       000000
__Htext33                                     text33       000000
__Htext34                                     text34       000000
__Htext35                                     text35       000000
__Htext36                                     text36       000000
__Htext4                                      text4        000000
__Htext5                                      text5        000000
__Htext6                                      text6        000000
__Htext7                                      text7        000000
__Htext8                                      text8        000000
__Htext9                                      text9        000000
__LRAM                                        (abs)        000001
__L__absolute__                               __absolute__ 000000
__Labs1                                       abs1         000000
__Lbank10                                     bank10       000000
__Lbank11                                     bank11       000000
__Lbank12                                     bank12       000000
__Lbank13                                     bank13       000000
__Lbank14                                     bank14       000000
__Lbank15                                     bank15       000000
__Lbank16                                     bank16       000000
__Lbank17                                     bank17       000000
__Lbank18                                     bank18       000000
__Lbank19                                     bank19       000000
__Lbank20                                     bank20       000000
__Lbank21                                     bank21       000000
__Lbank22                                     bank22       000000
__Lbank23                                     bank23       000000
__Lbank24                                     bank24       000000
__Lbank25                                     bank25       000000
__Lbank26                                     bank26       000000
__Lbank27                                     bank27       000000
__Lbank28                                     bank28       000000
__Lbank29                                     bank29       000000
__Lbank30                                     bank30       000000
__Lbank31                                     bank31       000000
__Lbank32                                     bank32       000000
__Lbank33                                     bank33       000000
__Lbank34                                     bank34       000000
__Lbank35                                     bank35       000000
__Lbank36                                     bank36       000000
__Lbank5                                      bank5        000000
__Lbank6                                      bank6        000000
__Lbank7                                      bank7        000000
__Lbank8                                      bank8        000000
__Lbank9                                      bank9        000000
__Lbigbss                                     bigbss       000000
__Lbigdata                                    bigdata      000000
__Lbigram                                     bigram       000000
__Lbigsfr                                     bigsfr       000000
__Lbss                                        bss          000000
__LbssCOMRAM                                  bssCOMRAM    000000
__Lcinit                                      cinit        000000
__Lclrtext                                    clrtext      000000
__Lcomram                                     comram       000000
__Lconfig                                     config       000000
__Lconst                                      const        000000
__LcstackCOMRAM                               cstackCOMRAM 000000
__Ldata                                       data         000000
__LdataCOMRAM                                 dataCOMRAM   000000
__Leeprom_data                                eeprom_data  000000
__Lfarbss                                     farbss       000000
__Lfardata                                    fardata      000000
__Lheap                                       heap         000000
__Libigdata                                   ibigdata     000000
__Lidata                                      idata        000000
__LidataCOMRAM                                idataCOMRAM  000000
__Lidloc                                      idloc        000000
__Lifardata                                   ifardata     000000
__Linit                                       init         000102
__Lintsave_regs                               intsave_regs 000000
__Lirdata                                     irdata       000000
__Livt0x8                                     ivt0x8       000008
__Lmediumconst                                mediumconst  000000
__LnvCOMRAM                                   nvCOMRAM     000000
__LnvFARRAM                                   nvFARRAM     000000
__Lnvbit                                      nvbit        000000
__Lnvrram                                     nvrram       000000
__Lparam                                      rparam       000000
__Lpowerup                                    powerup      000000
__Lram                                        ram          000000
__Lramtop                                     ramtop       002600
__Lrbit                                       rbit         000000
__Lrbss                                       rbss         000000
__Lrdata                                      rdata        000000
__Lreset_vec                                  reset_vec    000000
__Lrparam                                     rparam       000000
__Lsfr                                        sfr          000000
__Lsmallconst                                 smallconst   002600
__Lspace_0                                    (abs)        000000
__Lspace_1                                    (abs)        000000
__Lspace_2                                    (abs)        000000
__Lspace_4                                    (abs)        000000
__Lstack                                      stack        000000
__Lstruct                                     struct       000000
__Ltemp                                       temp         000000
__Ltext                                       text         000000
__Ltext0                                      text0        000000
__Ltext1                                      text1        000000
__Ltext10                                     text10       000000
__Ltext11                                     text11       000000
__Ltext12                                     text12       000000
__Ltext13                                     text13       000000
__Ltext14                                     text14       000000
__Ltext15                                     text15       000000
__Ltext16                                     text16       000000
__Ltext17                                     text17       000000
__Ltext18                                     text18       000000
__Ltext19                                     text19       000000
__Ltext2                                      text2        000000
__Ltext20                                     text20       000000
__Ltext21                                     text21       000000
__Ltext22                                     text22       000000
__Ltext23                                     text23       000000
__Ltext24                                     text24       000000
__Ltext25                                     text25       000000
__Ltext26                                     text26       000000
__Ltext27                                     text27       000000
__Ltext28                                     text28       000000
__Ltext29                                     text29       000000
__Ltext3                                      text3        000000
__Ltext30                                     text30       000000
__Ltext31                                     text31       000000
__Ltext32                                     text32       000000
__Ltext33                                     text33       000000
__Ltext34                                     text34       000000
__Ltext35                                     text35       000000
__Ltext36                                     text36       000000
__Ltext4                                      text4        000000
__Ltext5                                      text5        000000
__Ltext6                                      text6        000000
__Ltext7                                      text7        000000
__Ltext8                                      text8        000000
__Ltext9                                      text9        000000
__S0                                          (abs)        002C1B
__S1                                          (abs)        00052B
__S4                                          (abs)        000000
__S5                                          (abs)        000000
___heap_hi                                    (abs)        000000
___heap_lo                                    (abs)        000000
___inthi_sp                                   stack        000000
___inthi_stack_hi                             stack        000000
___inthi_stack_lo                             stack        000000
___intlo_sp                                   stack        000000
___intlo_stack_hi                             stack        000000
___intlo_stack_lo                             stack        000000
___param_bank                                 (abs)        000000
___rparam_used                                (abs)        000001
___sp                                         stack        000000
___stack_hi                                   stack        000000
___stack_lo                                   stack        000000
__accesstop                                   (abs)        000560
__activetblptr                                (abs)        000003
__end_of_CLOCK_Initialize                     text12       002B96
__end_of_Default_ISR                          text21       002C12
__end_of_INT0_CallBack                        text23       002A66
__end_of_INT0_DefaultInterruptHandler         text24       002C14
__end_of_INT0_ISR                             text22       002B28
__end_of_INT0_SetInterruptHandler             text11       002BFC
__end_of_INT1_CallBack                        text26       002A96
__end_of_INT1_DefaultInterruptHandler         text27       002C16
__end_of_INT1_ISR                             text25       002B40
__end_of_INT1_SetInterruptHandler             text10       002BEE
__end_of_INT2_CallBack                        text29       002AC6
__end_of_INT2_DefaultInterruptHandler         text30       002C18
__end_of_INT2_ISR                             text28       002B58
__end_of_INT2_SetInterruptHandler             text9        002BE0
__end_of_INTERRUPT_Initialize                 text8        0028A6
__end_of_IOC_ISR                              text13       002B0E
__end_of_IO_RA5_DefaultInterruptHandler       text20       002C10
__end_of_IO_RA5_ISR                           text19       002A06
__end_of_IO_RA5_SetInterruptHandler           text7        002BD2
__end_of_IO_RA6_DefaultInterruptHandler       text18       002C0E
__end_of_IO_RA6_ISR                           text17       0029D2
__end_of_IO_RA6_SetInterruptHandler           text6        002BC4
__end_of_IO_RA7_DefaultInterruptHandler       text16       002C0C
__end_of_IO_RA7_ISR                           text15       00299E
__end_of_IO_RA7_SetInterruptHandler           text5        002BB6
__end_of_PIN_MANAGER_IOC                      text14       002932
__end_of_PIN_MANAGER_Initialize               text4        0026F2
__end_of_SYSTEM_Initialize                    text2        002BA8
__end_of_TMR0_DefaultOverflowCallback         text32       002C1A
__end_of_TMR0_ISR                             text31       0028F4
__end_of_TMR0_Initialize_startup_sequence     text3        002A36
__end_of_TMR0_OverflowCallbackRegister        text36       002C0A
__end_of_Timer0                               smallconst   002622
__end_of__initialization                      cinit        002AEA
__end_of_main                                 text0        002B82
__end_of_resetActuators                       text1        002B6E
__end_of_startup_sequence_OnTimerInterrupt    text33       00296A
__end_of_startup_sequence_actuator_off        text35       002826
__end_of_startup_sequence_actuator_on         text34       00278C
__initialization                              cinit        002AC6
__mediumconst                                 smallconst   002600
__pbssCOMRAM                                  bssCOMRAM    000528
__pcinit                                      cinit        002AC6
__pcstackCOMRAM                               cstackCOMRAM 000516
__pdataCOMRAM                                 dataCOMRAM   00052A
__pidataCOMRAM                                idataCOMRAM  002C1A
__pivt0x8                                     ivt0x8       000008
__pnvCOMRAM                                   nvCOMRAM     000501
__psmallconst                                 smallconst   002600
__ptext0                                      text0        002B6E
__ptext1                                      text1        002B58
__ptext10                                     text10       002BE0
__ptext11                                     text11       002BEE
__ptext12                                     text12       002B82
__ptext13                                     text13       002AF0
__ptext14                                     text14       0028F4
__ptext15                                     text15       00296A
__ptext16                                     text16       002C0A
__ptext17                                     text17       00299E
__ptext18                                     text18       002C0C
__ptext19                                     text19       0029D2
__ptext2                                      text2        002B96
__ptext20                                     text20       002C0E
__ptext21                                     text21       002C10
__ptext22                                     text22       002B10
__ptext23                                     text23       002A36
__ptext24                                     text24       002C12
__ptext25                                     text25       002B28
__ptext26                                     text26       002A66
__ptext27                                     text27       002C14
__ptext28                                     text28       002B40
__ptext29                                     text29       002A96
__ptext3                                      text3        002A06
__ptext30                                     text30       002C16
__ptext31                                     text31       0028A8
__ptext32                                     text32       002C18
__ptext33                                     text33       002932
__ptext34                                     text34       0026F2
__ptext35                                     text35       00278C
__ptext36                                     text36       002BFC
__ptext4                                      text4        002624
__ptext5                                      text5        002BA8
__ptext6                                      text6        002BB6
__ptext7                                      text7        002BC4
__ptext8                                      text8        002826
__ptext9                                      text9        002BD2
__ramtop                                      ramtop       002600
__smallconst                                  smallconst   002600
_currentAct                                   dataCOMRAM   00052A
_main                                         text0        002B6E
_resetActuators                               text1        002B58
_startup_sequence_OnTimerInterrupt            text33       002932
_startup_sequence_actuator_off                text35       00278C
_startup_sequence_actuator_on                 text34       0026F2
_tmr0PeriodCount                              bssCOMRAM    000528
end_of_initialization                         cinit        002AEA
intlevel0                                     text         000000
intlevel1                                     text         000000
intlevel2                                     text         000000
intlevel3                                     text         000000
isa$std                                       (abs)        000001
isa$xinst                                     (abs)        000000
ivt0x8_base                                   ivt0x8       000008
ivt0x8_undefint                               ivt0x8       000100
stackhi                                       (abs)        000000
stacklo                                       (abs)        000000
start                                         init         000102
start_initialization                          cinit        002AC6
startup_sequence_actuator_off@i               cstackCOMRAM 00051C
startup_sequence_actuator_on@i                cstackCOMRAM 00051C


MODULE INFORMATION

Module		Function		Class		Link	Load	Size
mcc_generated_files/system/src/interrupt.c
		_IOC_ISR       		CODE           	2AF0	0000	30
		_INT0_SetInterruptHandler		CODE           	2BEE	0000	14
		_INT1_SetInterruptHandler		CODE           	2BE0	0000	14
		_INT2_SetInterruptHandler		CODE           	2BD2	0000	14
		_INTERRUPT_Initialize		CODE           	2826	0000	128
		_INT0_DefaultInterruptHandler		CODE           	2C12	0000	2
		_INT0_CallBack 		CODE           	2A36	0000	48
		_INT1_DefaultInterruptHandler		CODE           	2C14	0000	2
		_INT1_CallBack 		CODE           	2A66	0000	48
		_INT2_DefaultInterruptHandler		CODE           	2C16	0000	2
		_INT2_CallBack 		CODE           	2A96	0000	48
		_Default_ISR   		CODE           	2C10	0000	2
		_INT0_ISR      		CODE           	2B10	0000	24
		_INT1_ISR      		CODE           	2B28	0000	24
		_INT2_ISR      		CODE           	2B40	0000	24

mcc_generated_files/system/src/interrupt.c estimated size: 424

startupsequence.c
		_startup_sequence_OnTimerInterrupt		CODE           	2932	0000	56
		_startup_sequence_actuator_on		CODE           	26F2	0000	154
		_startup_sequence_actuator_off		CODE           	278C	0000	154

startupsequence.c estimated size: 364

config.c
		_resetActuators		CODE           	2B58	0000	22

config.c estimated size: 22

mcc_generated_files/system/src/pins.c
		_PIN_MANAGER_Initialize		CODE           	2624	0000	206
		_IO_RA7_DefaultInterruptHandler		CODE           	2C0A	0000	2
		_IO_RA7_ISR    		CODE           	296A	0000	52
		_IO_RA6_SetInterruptHandler		CODE           	2BB6	0000	14
		_IO_RA5_DefaultInterruptHandler		CODE           	2C0E	0000	2
		_IO_RA5_ISR    		CODE           	29D2	0000	52
		_IO_RA7_SetInterruptHandler		CODE           	2BA8	0000	14
		_PIN_MANAGER_IOC		CODE           	28F4	0000	62
		_IO_RA6_DefaultInterruptHandler		CODE           	2C0C	0000	2
		_IO_RA6_ISR    		CODE           	299E	0000	52
		_IO_RA5_SetInterruptHandler		CODE           	2BC4	0000	14

mcc_generated_files/system/src/pins.c estimated size: 472

shared
		__initialization		CODE           	2AC6	0000	36
		_Timer0        		SMALLCONST     	2601	0000	33

shared estimated size: 69

mcc_generated_files/system/src/clock.c
		_CLOCK_Initialize		CODE           	2B82	0000	20

mcc_generated_files/system/src/clock.c estimated size: 20

mcc_generated_files/timer/src/tmr0.c
		_TMR0_OverflowCallbackRegister		CODE           	2BFC	0000	14
		_TMR0_DefaultOverflowCallback		CODE           	2C18	0000	2
		_TMR0_Initialize_startup_sequence		CODE           	2A06	0000	48
		_TMR0_ISR      		CODE           	28A8	0000	76

mcc_generated_files/timer/src/tmr0.c estimated size: 140

main.c
		_main          		CODE           	2B6E	0000	20

main.c estimated size: 20

mcc_generated_files/system/src/system.c
		_SYSTEM_Initialize		CODE           	2B96	0000	18

mcc_generated_files/system/src/system.c estimated size: 18

