Microchip MPLAB XC8 Compiler V3.10

Linker command line:

-W-3 \
  --edf=C:\Program Files\Microchip\xc8\v3.10\pic\dat\20250813170317_en.msgs \
  -pivt0x8=08h -cn -h+dist/default/production\Weapon_code.X.production.sym \
  --cmf=dist/default/production\Weapon_code.X.production.cmf -z -Q18F57Q43 \
  -oC:\Users\janss\AppData\Local\Temp\xcAsmvw.0\driver_tmp_3.o \
  --defsym=__MPLAB_BUILD=1 --fixupoverflow=error \
  -Mdist/default/production/Weapon_code.X.production.map \
  --md=C:\Users\janss\AppData\Local\Temp\xcAsmvw.0\driver_tmp_0.dat -E1 \
  -ver=XC8 Compiler -ACODE=00h-01FFFFh -ACONST=00h-01FFFFh \
  -ASMALLCONST=02600h-026FFhx218,012600h-0126FFhx218 \
  -AMEDIUMCONST=02600h-0FFFFh,012600h-01FFFFh -ACOMRAM=0501h-055Fh \
  -AABS1=0500h-024FFh -ABIGRAM=0501h-024FFh \
  -ARAM=0560h-05FFh,0600h-06FFhx31 -ABANK5=0560h-05FFh -ABANK6=0600h-06FFh \
  -ABANK7=0700h-07FFh -ABANK8=0800h-08FFh -ABANK9=0900h-09FFh \
  -ABANK10=0A00h-0AFFh -ABANK11=0B00h-0BFFh -ABANK12=0C00h-0CFFh \
  -ABANK13=0D00h-0DFFh -ABANK14=0E00h-0EFFh -ABANK15=0F00h-0FFFh \
  -ABANK16=01000h-010FFh -ABANK17=01100h-011FFh -ABANK18=01200h-012FFh \
  -ABANK19=01300h-013FFh -ABANK20=01400h-014FFh -ABANK21=01500h-015FFh \
  -ABANK22=01600h-016FFh -ABANK23=01700h-017FFh -ABANK24=01800h-018FFh \
  -ABANK25=01900h-019FFh -ABANK26=01A00h-01AFFh -ABANK27=01B00h-01BFFh \
  -ABANK28=01C00h-01CFFh -ABANK29=01D00h-01DFFh -ABANK30=01E00h-01EFFh \
  -ABANK31=01F00h-01FFFh -ABANK32=02000h-020FFh -ABANK33=02100h-021FFh \
  -ABANK34=02200h-022FFh -ABANK35=02300h-023FFh -ABANK36=02400h-024FFh \
  -ASFR=00h-0FFhx4,0400h-045Fh,0460h-04FFh,02500h-025FFh \
  -ABIGSFR=00h-04FFh,02500h-025FFh -ACONFIG=0300000h-0300011h \
  -AIDLOC=0200000h-020003Fh -AEEDATA=0380000h-03803FFh -peeprom_data=EEDATA \
  -preset_vec=00h -ppowerup=CODE,init -pramtop=02600h \
  -psmallconst=SMALLCONST -pmediumconst=MEDIUMCONST -pconst=CONST \
  -AFARRAM=00h-00h \
  -prdata=COMRAM,nvrram=COMRAM,nvbit=COMRAM,rbss=COMRAM,rbit=COMRAM \
  -pfarbss=FARRAM,fardata=FARRAM,nvFARRAM=FARRAM \
  -pintsave_regs=BIGRAM,bigbss=BIGRAM,bigdata=BIGRAM -pbss=RAM \
  -pidata=CODE,irdata=CODE,ibigdata=CODE,ifardata=CODE -prparam=COMRAM \
  C:\Users\janss\AppData\Local\Temp\xcAsmvw.0\driver_tmp_14.o \
  dist/default/production\Weapon_code.X.production.o 

Object code version is 3.11

Machine type is 18F57Q43



                Name                               Link     Load   Length Selector   Space Scale
C:\Users\janss\AppData\Local\Temp\xcAsmvw.0\driver_tmp_14.o
                config                           300000   300000        A        0       4
                init                                102      102        4        4       0
                reset_vec                             0        0        4        0       0
dist/default/production\Weapon_code.X.production.o
                config                           300000   300000        A        0       4
                smallconst                         2600     2600       D0     1300       0
                ivt0x8                                8        8       FA        4       0
                text68                             29E8     29E8       9A     1368       0
                text67                             2A82     2A82       94     1368       0
                text66                             33DC     33DC        E     1368       0
                text65                             2EB4     2EB4       3A     1368       0
                text64                             340C     340C        2     1368       0
                text63                             2DA8     2DA8       4C     1368       0
                text62                             340A     340A        2     1368       0
                text61                             3056     3056       30     1368       0
                text60                             3300     3300       18     1368       0
                text59                             32E8     32E8       18     1368       0
                text58                             3408     3408        2     1368       0
                text57                             3026     3026       30     1368       0
                text56                             32D0     32D0       18     1368       0
                text55                             323C     323C       1C     1368       0
                text54                             33CE     33CE        E     1368       0
                text53                             32B8     32B8       18     1368       0
                text52                             3406     3406        2     1368       0
                text51                             2FF6     2FF6       30     1368       0
                text50                             32A0     32A0       18     1368       0
                text49                             3404     3404        2     1368       0
                text48                             33C0     33C0        E     1368       0
                text47                             3086     3086       28     1368       0
                text46                             33FC     33FC        6     1368       0
                text45                             31C6     31C6       20     1368       0
                text44                             2878     2878       CA     1368       0
                text43                             2C1E     2C1E       7C     1368       0
                text42                             2D5A     2D5A       4E     1368       0
                text41                             313E     313E       24     1368       0
                text40                             3220     3220       1C     1368       0
                text39                             33F6     33F6        6     1368       0
                text38                             2FC2     2FC2       34     1368       0
                text37                             33B2     33B2        E     1368       0
                text36                             33F0     33F0        6     1368       0
                text35                             2F8E     2F8E       34     1368       0
                text34                             31E6     31E6       1E     1368       0
                text33                             33EA     33EA        6     1368       0
                text32                             2F5A     2F5A       34     1368       0
                text31                             2E76     2E76       3E     1368       0
                text30                             2E38     2E38       3E     1368       0
                text29                             3318     3318       14     1368       0
                text28                             33A4     33A4        E     1368       0
                text27                             3396     3396        E     1368       0
                text26                             3388     3388        E     1368       0
                text25                             2B16     2B16       8A     1368       0
                text24                             337A     337A        E     1368       0
                text23                             336C     336C        E     1368       0
                text22                             335E     335E        E     1368       0
                text21                             26D0     26D0       DC     1368       0
                text20                             311A     311A       24     1368       0
                text19                             30F6     30F6       24     1368       0
                text18                             30D2     30D2       24     1368       0
                text17                             2C9A     2C9A       70     1368       0
                text16                             332C     332C       12     1368       0
                text15                             3288     3288       18     1368       0
                text14                             2EEE     2EEE       38     1368       0
                text13                             334E     334E       10     1368       0
                text12                             3184     3184       22     1368       0
                text11                             27AC     27AC       CC     1368       0
                text10                             2BA0     2BA0       7E     1368       0
                text9                              2D0A     2D0A       50     1368       0
                text8                              30AE     30AE       24     1368       0
                text7                              3162     3162       22     1368       0
                text6                              333E     333E       10     1368       0
                text5                              31A6     31A6       20     1368       0
                text4                              2942     2942       A6     1368       0
                text3                              2F26     2F26       34     1368       0
                text2                              3270     3270       18     1368       0
                text1                              3258     3258       18     1368       0
                text0                              3204     3204       1C     1368       0
                cstackCOMRAM                        501      501       24      501       1
                cstackBANK5                         560      560       28      560       1
                bssBANK5                            588      588       20      560       1
                dataCOMRAM                          54C      54C        2      501       1
                bssCOMRAM                           525      525       1E      501       1
                cinit                              2DF4     2DF4       44     1368       0
                nvCOMRAM                            543      543        9      501       1
                idataCOMRAM                        3402     3402        2     1368       0

TOTAL           Name                               Link     Load   Length     Space
        CLASS   CODE           
                init                                102      102        4         0
                reset_vec                             0        0        4         0
                ivt0x8                                8        8       FA         0
                text68                             29E8     29E8       9A         0
                text67                             2A82     2A82       94         0
                text66                             33DC     33DC        E         0
                text65                             2EB4     2EB4       3A         0
                text64                             340C     340C        2         0
                text63                             2DA8     2DA8       4C         0
                text62                             340A     340A        2         0
                text61                             3056     3056       30         0
                text60                             3300     3300       18         0
                text59                             32E8     32E8       18         0
                text58                             3408     3408        2         0
                text57                             3026     3026       30         0
                text56                             32D0     32D0       18         0
                text55                             323C     323C       1C         0
                text54                             33CE     33CE        E         0
                text53                             32B8     32B8       18         0
                text52                             3406     3406        2         0
                text51                             2FF6     2FF6       30         0
                text50                             32A0     32A0       18         0
                text49                             3404     3404        2         0
                text48                             33C0     33C0        E         0
                text47                             3086     3086       28         0
                text46                             33FC     33FC        6         0
                text45                             31C6     31C6       20         0
                text44                             2878     2878       CA         0
                text43                             2C1E     2C1E       7C         0
                text42                             2D5A     2D5A       4E         0
                text41                             313E     313E       24         0
                text40                             3220     3220       1C         0
                text39                             33F6     33F6        6         0
                text38                             2FC2     2FC2       34         0
                text37                             33B2     33B2        E         0
                text36                             33F0     33F0        6         0
                text35                             2F8E     2F8E       34         0
                text34                             31E6     31E6       1E         0
                text33                             33EA     33EA        6         0
                text32                             2F5A     2F5A       34         0
                text31                             2E76     2E76       3E         0
                text30                             2E38     2E38       3E         0
                text29                             3318     3318       14         0
                text28                             33A4     33A4        E         0
                text27                             3396     3396        E         0
                text26                             3388     3388        E         0
                text25                             2B16     2B16       8A         0
                text24                             337A     337A        E         0
                text23                             336C     336C        E         0
                text22                             335E     335E        E         0
                text21                             26D0     26D0       DC         0
                text20                             311A     311A       24         0
                text19                             30F6     30F6       24         0
                text18                             30D2     30D2       24         0
                text17                             2C9A     2C9A       70         0
                text16                             332C     332C       12         0
                text15                             3288     3288       18         0
                text14                             2EEE     2EEE       38         0
                text13                             334E     334E       10         0
                text12                             3184     3184       22         0
                text11                             27AC     27AC       CC         0
                text10                             2BA0     2BA0       7E         0
                text9                              2D0A     2D0A       50         0
                text8                              30AE     30AE       24         0
                text7                              3162     3162       22         0
                text6                              333E     333E       10         0
                text5                              31A6     31A6       20         0
                text4                              2942     2942       A6         0
                text3                              2F26     2F26       34         0
                text2                              3270     3270       18         0
                text1                              3258     3258       18         0
                text0                              3204     3204       1C         0
                cinit                              2DF4     2DF4       44         0
                idataCOMRAM                        3402     3402        2         0

        CLASS   CONST          

        CLASS   SMALLCONST     
                smallconst                         2600     2600       D0         0

        CLASS   MEDIUMCONST    

        CLASS   COMRAM         
                cstackCOMRAM                        501      501       24         1
                dataCOMRAM                          54C      54C        2         1
                bssCOMRAM                           525      525       1E         1
                nvCOMRAM                            543      543        9         1

        CLASS   ABS1           

        CLASS   BIGRAM         

        CLASS   RAM            

        CLASS   BANK5          
                cstackBANK5                         560      560       28         1
                bssBANK5                            588      588       20         1

        CLASS   BANK6          

        CLASS   BANK7          

        CLASS   BANK8          

        CLASS   BANK9          

        CLASS   BANK10         

        CLASS   BANK11         

        CLASS   BANK12         

        CLASS   BANK13         

        CLASS   BANK14         

        CLASS   BANK15         

        CLASS   BANK16         

        CLASS   BANK17         

        CLASS   BANK18         

        CLASS   BANK19         

        CLASS   BANK20         

        CLASS   BANK21         

        CLASS   BANK22         

        CLASS   BANK23         

        CLASS   BANK24         

        CLASS   BANK25         

        CLASS   BANK26         

        CLASS   BANK27         

        CLASS   BANK28         

        CLASS   BANK29         

        CLASS   BANK30         

        CLASS   BANK31         

        CLASS   BANK32         

        CLASS   BANK33         

        CLASS   BANK34         

        CLASS   BANK35         

        CLASS   BANK36         

        CLASS   SFR            

        CLASS   BIGSFR         

        CLASS   CONFIG         
                config                           300000   300000        A         4

        CLASS   IDLOC          

        CLASS   EEDATA         

        CLASS   FARRAM         

        CLASS   HEAP           

        CLASS   STACK          



SEGMENTS        Name                           Load    Length   Top    Selector   Space  Class

                reset_vec                      000000  000004  000004         0       0  CODE    
                ivt0x8                         000008  0000FE  000106         4       0  CODE    
                cstackCOMRAM                   000501  00004D  00054E       501       1  COMRAM  
                cstackBANK5                    000560  000048  0005A8       560       1  BANK5   
                smallconst                     002600  0000D0  0026D0      1300       0  SMALLCON
                text21                         0026D0  000D3E  00340E      1368       0  CODE    


UNUSED ADDRESS RANGES

        Name                Unused          Largest block    Delta
        BANK10           000A00-000AFF              100
        BANK11           000B00-000BFF              100
        BANK12           000C00-000CFF              100
        BANK13           000D00-000DFF              100
        BANK14           000E00-000EFF              100
        BANK15           000F00-000FFF              100
        BANK16           001000-0010FF              100
        BANK17           001100-0011FF              100
        BANK18           001200-0012FF              100
        BANK19           001300-0013FF              100
        BANK20           001400-0014FF              100
        BANK21           001500-0015FF              100
        BANK22           001600-0016FF              100
        BANK23           001700-0017FF              100
        BANK24           001800-0018FF              100
        BANK25           001900-0019FF              100
        BANK26           001A00-001AFF              100
        BANK27           001B00-001BFF              100
        BANK28           001C00-001CFF              100
        BANK29           001D00-001DFF              100
        BANK30           001E00-001EFF              100
        BANK31           001F00-001FFF              100
        BANK32           002000-0020FF              100
        BANK33           002100-0021FF              100
        BANK34           002200-0022FF              100
        BANK35           002300-0023FF              100
        BANK36           002400-0024FF              100
        BANK5            0005A8-0005FF               58
        BANK6            000600-0006FF              100
        BANK7            000700-0007FF              100
        BANK8            000800-0008FF              100
        BANK9            000900-0009FF              100
        BIGRAM           00054E-00055F               12
                         0005A8-0024FF             1F58
        BIGSFR           000000-0004FF              500
                         002500-0025FF              100
        CODE             000004-000007                4
                         000106-0025FF             24FA
                         00340E-01FFFF            1CBF2
        COMRAM           00054E-00055F               12
        CONFIG           30000A-300011                8
        CONST            000004-000007                4
                         000106-0025FF             24FA
                         00340E-01FFFF            1CBF2
        EEDATA           380000-3803FF              400
        IDLOC            200000-20003F               40
        MEDIUMCONST      00340E-00FFFF             CBF2
                         012600-01FFFF             DA00
        RAM              0005A8-0024FF              100
        SFR              000000-0004FF              100
                         002500-0025FF              100
        SMALLCONST       00340E-00FFFF              100
                         012600-01FFFF              100

                                  Symbol Table

?_printf                                           cstackBANK5  000585
?_vfprintf                                         cstackBANK5  00057F
?i1_printf                                         cstackCOMRAM 000524
?i1_vfprintf                                       cstackBANK5  000560
INT0_SetInterruptHandler@InterruptHandler          cstackBANK5  00056E
INT1_SetInterruptHandler@InterruptHandler          cstackBANK5  00056E
INT2_SetInterruptHandler@InterruptHandler          cstackBANK5  00056E
INTERRUPT_Initialize@state                         cstackBANK5  000571
INTSTAT_ADDR                                       (abs)        0000D7
IO_RA4_SetInterruptHandler@InterruptHandler        cstackBANK5  00056E
IO_RA5_SetInterruptHandler@InterruptHandler        cstackBANK5  00056E
IO_RA6_SetInterruptHandler@InterruptHandler        cstackBANK5  00056E
IVTBASEH                                           (abs)        00045E
IVTBASEL                                           (abs)        00045D
IVTBASEU                                           (abs)        00045F
TMR0_OverflowCallbackRegister@callbackHandler      cstackBANK5  00056E
UART1_FramingErrorCallbackRegister@callbackHandler cstackBANK5  00056E
UART1_OverrunErrorCallbackRegister@callbackHandler cstackBANK5  00056E
UART1_ParityErrorCallbackRegister@callbackHandler  cstackBANK5  00056E
UART1_Write@txData                                 cstackBANK5  00056E
_ACTCON                                            (abs)        0000AC
_ANSELA                                            (abs)        000400
_ANSELB                                            (abs)        000408
_ANSELC                                            (abs)        000410
_ANSELD                                            (abs)        000418
_ANSELE                                            (abs)        000420
_ANSELF                                            (abs)        000428
_CLOCK_Initialize                                  text29       003318
_Default_ISR                                       text49       003404
_GIE                                               (abs)        0026B7
_INLVLA                                            (abs)        000404
_INLVLB                                            (abs)        00040C
_INLVLC                                            (abs)        000414
_INLVLD                                            (abs)        00041C
_INLVLE                                            (abs)        000424
_INLVLF                                            (abs)        00042C
_INT0PPS                                           (abs)        00023E
_INT0_CallBack                                     text51       002FF6
_INT0_DefaultInterruptHandler                      text52       003406
_INT0_ISR                                          text50       0032A0
_INT0_InterruptHandler                             bssCOMRAM    000537
_INT0_SetInterruptHandler                          text28       0033A4
_INT1PPS                                           (abs)        00023F
_INT1_CallBack                                     text57       003026
_INT1_DefaultInterruptHandler                      text58       003408
_INT1_ISR                                          text56       0032D0
_INT1_InterruptHandler                             bssCOMRAM    000534
_INT1_SetInterruptHandler                          text27       003396
_INT2_CallBack                                     text61       003056
_INT2_DefaultInterruptHandler                      text62       00340A
_INT2_ISR                                          text60       003300
_INT2_InterruptHandler                             bssCOMRAM    000531
_INT2_SetInterruptHandler                          text26       003388
_INTCON0bits                                       (abs)        0004D6
_INTERRUPT_Initialize                              text25       002B16
_IOCAF                                             (abs)        000407
_IOCAFbits                                         (abs)        000407
_IOCAN                                             (abs)        000406
_IOCAP                                             (abs)        000405
_IOCBF                                             (abs)        00040F
_IOCBN                                             (abs)        00040E
_IOCBP                                             (abs)        00040D
_IOCCF                                             (abs)        000417
_IOCCN                                             (abs)        000416
_IOCCP                                             (abs)        000415
_IOCEF                                             (abs)        000427
_IOCEN                                             (abs)        000426
_IOCEP                                             (abs)        000425
_IOC_ISR                                           text30       002E38
_IO_RA4_DefaultInterruptHandler                    text39       0033F6
_IO_RA4_ISR                                        text38       002FC2
_IO_RA4_InterruptHandler                           nvCOMRAM     000549
_IO_RA4_SetInterruptHandler                        text24       00337A
_IO_RA5_DefaultInterruptHandler                    text36       0033F0
_IO_RA5_ISR                                        text35       002F8E
_IO_RA5_InterruptHandler                           nvCOMRAM     000546
_IO_RA5_SetInterruptHandler                        text23       00336C
_IO_RA6_DefaultInterruptHandler                    text33       0033EA
_IO_RA6_ISR                                        text32       002F5A
_IO_RA6_InterruptHandler                           nvCOMRAM     000543
_IO_RA6_SetInterruptHandler                        text22       00335E
_IPR0bits                                          (abs)        000362
_IPR1bits                                          (abs)        000363
_IPR3bits                                          (abs)        000365
_IPR6bits                                          (abs)        000368
_IVTBASEH                                          (abs)        00045E
_IVTBASEL                                          (abs)        00045D
_IVTBASEU                                          (abs)        00045F
_IVTLOCK                                           (abs)        000459
_IVTLOCKbits                                       (abs)        000459
_LATA                                              (abs)        0004BE
_LATAbits                                          (abs)        0004BE
_LATB                                              (abs)        0004BF
_LATBbits                                          (abs)        0004BF
_LATC                                              (abs)        0004C0
_LATCbits                                          (abs)        0004C0
_LATD                                              (abs)        0004C1
_LATDbits                                          (abs)        0004C1
_LATE                                              (abs)        0004C2
_LATF                                              (abs)        0004C3
_ODCONA                                            (abs)        000402
_ODCONB                                            (abs)        00040A
_ODCONC                                            (abs)        000412
_ODCOND                                            (abs)        00041A
_ODCONE                                            (abs)        000422
_ODCONF                                            (abs)        00042A
_OSCCON1                                           (abs)        0000AD
_OSCCON3                                           (abs)        0000AF
_OSCEN                                             (abs)        0000B3
_OSCFRQ                                            (abs)        0000B1
_OSCTUNE                                           (abs)        0000B0
_PIE0bits                                          (abs)        00049E
_PIE1bits                                          (abs)        00049F
_PIE3bits                                          (abs)        0004A1
_PIE6bits                                          (abs)        0004A4
_PIN_MANAGER_IOC                                   text31       002E76
_PIN_MANAGER_Initialize                            text21       0026D0
_PIR10bits                                         (abs)        0004B8
_PIR1bits                                          (abs)        0004AF
_PIR3bits                                          (abs)        0004B1
_PIR6bits                                          (abs)        0004B4
_PORTAbits                                         (abs)        0004CE
_RB1I2C                                            (abs)        000289
_RB2I2C                                            (abs)        000288
_RC3I2C                                            (abs)        000287
_RC4I2C                                            (abs)        000286
_RF1PPS                                            (abs)        00022A
_SLRCONA                                           (abs)        000403
_SLRCONB                                           (abs)        00040B
_SLRCONC                                           (abs)        000413
_SLRCOND                                           (abs)        00041B
_SLRCONE                                           (abs)        000423
_SLRCONF                                           (abs)        00042B
_SYSTEM_Initialize                                 text16       00332C
_T0CON0                                            (abs)        00031A
_T0CON0bits                                        (abs)        00031A
_T0CON1                                            (abs)        00031B
_TMR0H                                             (abs)        000319
_TMR0L                                             (abs)        000318
_TMR0_CounterGet                                   (abs)        000000
_TMR0_CounterSet                                   (abs)        000000
_TMR0_DefaultOverflowCallback                      text64       00340C
_TMR0_Deinitialize                                 (abs)        000000
_TMR0_ISR                                          text63       002DA8
_TMR0_Initialize_startup_sequence                  text3        002F26
_TMR0_MaxCountGet                                  (abs)        000000
_TMR0_OverflowCallback                             bssCOMRAM    00052E
_TMR0_OverflowCallbackRegister                     text2        003270
_TMR0_OverflowCallbackRegister$intlevel0           text2        00327A
_TMR0_PeriodGet                                    (abs)        000000
_TMR0_PeriodSet                                    (abs)        000000
_TMR0_Start                                        (abs)        000000
_TMR0_Stop                                         (abs)        000000
_TRISA                                             (abs)        0004C6
_TRISB                                             (abs)        0004C7
_TRISC                                             (abs)        0004C8
_TRISD                                             (abs)        0004C9
_TRISE                                             (abs)        0004CA
_TRISF                                             (abs)        0004CB
_Timer0                                            smallconst   002649
_U1BRGH                                            (abs)        0002AF
_U1BRGL                                            (abs)        0002AE
_U1CON0                                            (abs)        0002AB
_U1CON0bits                                        (abs)        0002AB
_U1CON1                                            (abs)        0002AC
_U1CON1bits                                        (abs)        0002AC
_U1CON2                                            (abs)        0002AD
_U1ERRIE                                           (abs)        0002B3
_U1ERRIR                                           (abs)        0002B2
_U1ERRIRbits                                       (abs)        0002B2
_U1FIFO                                            (abs)        0002B0
_U1FIFObits                                        (abs)        0002B0
_U1P1H                                             (abs)        0002A6
_U1P1L                                             (abs)        0002A5
_U1P2H                                             (abs)        0002A8
_U1P2L                                             (abs)        0002A7
_U1P3H                                             (abs)        0002AA
_U1P3L                                             (abs)        0002A9
_U1RXB                                             (abs)        0002A1
_U1RXCHK                                           (abs)        0002A2
_U1RXPPS                                           (abs)        000272
_U1TXB                                             (abs)        0002A3
_U1TXCHK                                           (abs)        0002A4
_U1UIR                                             (abs)        0002B1
_U1UIRbits                                         (abs)        0002B1
_UART1                                             smallconst   002601
_UART1_AutoBaudQuery                               (abs)        000000
_UART1_AutoBaudSet                                 (abs)        000000
_UART1_DefaultFramingErrorCallback                 (abs)        000000
_UART1_DefaultOverrunErrorCallback                 (abs)        000000
_UART1_DefaultParityErrorCallback                  (abs)        000000
_UART1_Deinitialize                                (abs)        000000
_UART1_ErrorGet                                    (abs)        000000
_UART1_FramingErrorCallbackRegister                text20       00311A
_UART1_FramingErrorHandler                         bssCOMRAM    00052B
_UART1_Initialize                                  text17       002C9A
_UART1_IsRxReady                                   (abs)        000000
_UART1_IsTxDone                                    (abs)        000000
_UART1_IsTxReady                                   text14       002EEE
_UART1_IsTxReady$1439                              cstackBANK5  00056E
_UART1_IsTxReady$intlevel0                         text14       002EF8
_UART1_OverrunErrorCallbackRegister                text19       0030F6
_UART1_OverrunErrorHandler                         bssCOMRAM    000528
_UART1_ParityErrorCallbackRegister                 text18       0030D2
_UART1_ParityErrorHandler                          bssCOMRAM    000525
_UART1_Read                                        (abs)        000000
_UART1_TransmitDisable                             (abs)        000000
_UART1_TransmitEnable                              (abs)        000000
_UART1_Write                                       text13       00334E
_UART1_Write$intlevel0                             text13       003358
_WPUA                                              (abs)        000401
_WPUB                                              (abs)        000409
_WPUC                                              (abs)        000411
_WPUD                                              (abs)        000419
_WPUE                                              (abs)        000421
_WPUF                                              (abs)        000429
__HRAM                                             (abs)        000000
__H__absolute__                                    __absolute__ 000000
__Habs1                                            abs1         000000
__Hbank10                                          bank10       000000
__Hbank11                                          bank11       000000
__Hbank12                                          bank12       000000
__Hbank13                                          bank13       000000
__Hbank14                                          bank14       000000
__Hbank15                                          bank15       000000
__Hbank16                                          bank16       000000
__Hbank17                                          bank17       000000
__Hbank18                                          bank18       000000
__Hbank19                                          bank19       000000
__Hbank20                                          bank20       000000
__Hbank21                                          bank21       000000
__Hbank22                                          bank22       000000
__Hbank23                                          bank23       000000
__Hbank24                                          bank24       000000
__Hbank25                                          bank25       000000
__Hbank26                                          bank26       000000
__Hbank27                                          bank27       000000
__Hbank28                                          bank28       000000
__Hbank29                                          bank29       000000
__Hbank30                                          bank30       000000
__Hbank31                                          bank31       000000
__Hbank32                                          bank32       000000
__Hbank33                                          bank33       000000
__Hbank34                                          bank34       000000
__Hbank35                                          bank35       000000
__Hbank36                                          bank36       000000
__Hbank5                                           bank5        000000
__Hbank6                                           bank6        000000
__Hbank7                                           bank7        000000
__Hbank8                                           bank8        000000
__Hbank9                                           bank9        000000
__Hbigbss                                          bigbss       000000
__Hbigdata                                         bigdata      000000
__Hbigram                                          bigram       000000
__Hbigsfr                                          bigsfr       000000
__Hbss                                             bss          000000
__HbssBANK5                                        bssBANK5     000000
__HbssCOMRAM                                       bssCOMRAM    000000
__Hcinit                                           cinit        000000
__Hclrtext                                         clrtext      000000
__Hcomram                                          comram       000000
__Hconfig                                          config       30000A
__Hconst                                           const        000000
__HcstackBANK5                                     cstackBANK5  000000
__HcstackCOMRAM                                    cstackCOMRAM 000000
__Hdata                                            data         000000
__HdataCOMRAM                                      dataCOMRAM   000000
__Heeprom_data                                     eeprom_data  000000
__Hfarbss                                          farbss       000000
__Hfardata                                         fardata      000000
__Hheap                                            heap         000000
__Hibigdata                                        ibigdata     000000
__Hidata                                           idata        000000
__HidataCOMRAM                                     idataCOMRAM  000000
__Hidloc                                           idloc        000000
__Hifardata                                        ifardata     000000
__Hinit                                            init         000106
__Hintsave_regs                                    intsave_regs 000000
__Hirdata                                          irdata       000000
__Hivt0x8                                          ivt0x8       000102
__Hmediumconst                                     mediumconst  000000
__HnvCOMRAM                                        nvCOMRAM     000000
__HnvFARRAM                                        nvFARRAM     000000
__Hnvbit                                           nvbit        000000
__Hnvrram                                          nvrram       000000
__Hparam                                           rparam       000000
__Hpowerup                                         powerup      000000
__Hram                                             ram          000000
__Hramtop                                          ramtop       002600
__Hrbit                                            rbit         000000
__Hrbss                                            rbss         000000
__Hrdata                                           rdata        000000
__Hreset_vec                                       reset_vec    000004
__Hrparam                                          rparam       000000
__Hsfr                                             sfr          000000
__Hsmallconst                                      smallconst   0026D0
__Hspace_0                                         (abs)        00340E
__Hspace_1                                         (abs)        0005A8
__Hspace_2                                         (abs)        000000
__Hspace_4                                         (abs)        60000A
__Hstack                                           stack        000000
__Hstruct                                          struct       000000
__Htemp                                            temp         000000
__Htext                                            text         000000
__Htext0                                           text0        000000
__Htext1                                           text1        000000
__Htext10                                          text10       000000
__Htext11                                          text11       000000
__Htext12                                          text12       000000
__Htext13                                          text13       000000
__Htext14                                          text14       000000
__Htext15                                          text15       000000
__Htext16                                          text16       000000
__Htext17                                          text17       000000
__Htext18                                          text18       000000
__Htext19                                          text19       000000
__Htext2                                           text2        000000
__Htext20                                          text20       000000
__Htext21                                          text21       000000
__Htext22                                          text22       000000
__Htext23                                          text23       000000
__Htext24                                          text24       000000
__Htext25                                          text25       000000
__Htext26                                          text26       000000
__Htext27                                          text27       000000
__Htext28                                          text28       000000
__Htext29                                          text29       000000
__Htext3                                           text3        000000
__Htext30                                          text30       000000
__Htext31                                          text31       000000
__Htext32                                          text32       000000
__Htext33                                          text33       000000
__Htext34                                          text34       000000
__Htext35                                          text35       000000
__Htext36                                          text36       000000
__Htext37                                          text37       000000
__Htext38                                          text38       000000
__Htext39                                          text39       000000
__Htext4                                           text4        000000
__Htext40                                          text40       000000
__Htext41                                          text41       000000
__Htext42                                          text42       000000
__Htext43                                          text43       000000
__Htext44                                          text44       000000
__Htext45                                          text45       000000
__Htext46                                          text46       000000
__Htext47                                          text47       000000
__Htext48                                          text48       000000
__Htext49                                          text49       000000
__Htext5                                           text5        000000
__Htext50                                          text50       000000
__Htext51                                          text51       000000
__Htext52                                          text52       000000
__Htext53                                          text53       000000
__Htext54                                          text54       000000
__Htext55                                          text55       000000
__Htext56                                          text56       000000
__Htext57                                          text57       000000
__Htext58                                          text58       000000
__Htext59                                          text59       000000
__Htext6                                           text6        000000
__Htext60                                          text60       000000
__Htext61                                          text61       000000
__Htext62                                          text62       000000
__Htext63                                          text63       000000
__Htext64                                          text64       000000
__Htext65                                          text65       000000
__Htext66                                          text66       000000
__Htext67                                          text67       000000
__Htext68                                          text68       000000
__Htext7                                           text7        000000
__Htext8                                           text8        000000
__Htext9                                           text9        000000
__LRAM                                             (abs)        000001
__L__absolute__                                    __absolute__ 000000
__Labs1                                            abs1         000000
__Lbank10                                          bank10       000000
__Lbank11                                          bank11       000000
__Lbank12                                          bank12       000000
__Lbank13                                          bank13       000000
__Lbank14                                          bank14       000000
__Lbank15                                          bank15       000000
__Lbank16                                          bank16       000000
__Lbank17                                          bank17       000000
__Lbank18                                          bank18       000000
__Lbank19                                          bank19       000000
__Lbank20                                          bank20       000000
__Lbank21                                          bank21       000000
__Lbank22                                          bank22       000000
__Lbank23                                          bank23       000000
__Lbank24                                          bank24       000000
__Lbank25                                          bank25       000000
__Lbank26                                          bank26       000000
__Lbank27                                          bank27       000000
__Lbank28                                          bank28       000000
__Lbank29                                          bank29       000000
__Lbank30                                          bank30       000000
__Lbank31                                          bank31       000000
__Lbank32                                          bank32       000000
__Lbank33                                          bank33       000000
__Lbank34                                          bank34       000000
__Lbank35                                          bank35       000000
__Lbank36                                          bank36       000000
__Lbank5                                           bank5        000000
__Lbank6                                           bank6        000000
__Lbank7                                           bank7        000000
__Lbank8                                           bank8        000000
__Lbank9                                           bank9        000000
__Lbigbss                                          bigbss       000000
__Lbigdata                                         bigdata      000000
__Lbigram                                          bigram       000000
__Lbigsfr                                          bigsfr       000000
__Lbss                                             bss          000000
__LbssBANK5                                        bssBANK5     000000
__LbssCOMRAM                                       bssCOMRAM    000000
__Lcinit                                           cinit        000000
__Lclrtext                                         clrtext      000000
__Lcomram                                          comram       000000
__Lconfig                                          config       000000
__Lconst                                           const        000000
__LcstackBANK5                                     cstackBANK5  000000
__LcstackCOMRAM                                    cstackCOMRAM 000000
__Ldata                                            data         000000
__LdataCOMRAM                                      dataCOMRAM   000000
__Leeprom_data                                     eeprom_data  000000
__Lfarbss                                          farbss       000000
__Lfardata                                         fardata      000000
__Lheap                                            heap         000000
__Libigdata                                        ibigdata     000000
__Lidata                                           idata        000000
__LidataCOMRAM                                     idataCOMRAM  000000
__Lidloc                                           idloc        000000
__Lifardata                                        ifardata     000000
__Linit                                            init         000102
__Lintsave_regs                                    intsave_regs 000000
__Lirdata                                          irdata       000000
__Livt0x8                                          ivt0x8       000008
__Lmediumconst                                     mediumconst  000000
__LnvCOMRAM                                        nvCOMRAM     000000
__LnvFARRAM                                        nvFARRAM     000000
__Lnvbit                                           nvbit        000000
__Lnvrram                                          nvrram       000000
__Lparam                                           rparam       000000
__Lpowerup                                         powerup      000000
__Lram                                             ram          000000
__Lramtop                                          ramtop       002600
__Lrbit                                            rbit         000000
__Lrbss                                            rbss         000000
__Lrdata                                           rdata        000000
__Lreset_vec                                       reset_vec    000000
__Lrparam                                          rparam       000000
__Lsfr                                             sfr          000000
__Lsmallconst                                      smallconst   002600
__Lspace_0                                         (abs)        000000
__Lspace_1                                         (abs)        000000
__Lspace_2                                         (abs)        000000
__Lspace_4                                         (abs)        000000
__Lstack                                           stack        000000
__Lstruct                                          struct       000000
__Ltemp                                            temp         000000
__Ltext                                            text         000000
__Ltext0                                           text0        000000
__Ltext1                                           text1        000000
__Ltext10                                          text10       000000
__Ltext11                                          text11       000000
__Ltext12                                          text12       000000
__Ltext13                                          text13       000000
__Ltext14                                          text14       000000
__Ltext15                                          text15       000000
__Ltext16                                          text16       000000
__Ltext17                                          text17       000000
__Ltext18                                          text18       000000
__Ltext19                                          text19       000000
__Ltext2                                           text2        000000
__Ltext20                                          text20       000000
__Ltext21                                          text21       000000
__Ltext22                                          text22       000000
__Ltext23                                          text23       000000
__Ltext24                                          text24       000000
__Ltext25                                          text25       000000
__Ltext26                                          text26       000000
__Ltext27                                          text27       000000
__Ltext28                                          text28       000000
__Ltext29                                          text29       000000
__Ltext3                                           text3        000000
__Ltext30                                          text30       000000
__Ltext31                                          text31       000000
__Ltext32                                          text32       000000
__Ltext33                                          text33       000000
__Ltext34                                          text34       000000
__Ltext35                                          text35       000000
__Ltext36                                          text36       000000
__Ltext37                                          text37       000000
__Ltext38                                          text38       000000
__Ltext39                                          text39       000000
__Ltext4                                           text4        000000
__Ltext40                                          text40       000000
__Ltext41                                          text41       000000
__Ltext42                                          text42       000000
__Ltext43                                          text43       000000
__Ltext44                                          text44       000000
__Ltext45                                          text45       000000
__Ltext46                                          text46       000000
__Ltext47                                          text47       000000
__Ltext48                                          text48       000000
__Ltext49                                          text49       000000
__Ltext5                                           text5        000000
__Ltext50                                          text50       000000
__Ltext51                                          text51       000000
__Ltext52                                          text52       000000
__Ltext53                                          text53       000000
__Ltext54                                          text54       000000
__Ltext55                                          text55       000000
__Ltext56                                          text56       000000
__Ltext57                                          text57       000000
__Ltext58                                          text58       000000
__Ltext59                                          text59       000000
__Ltext6                                           text6        000000
__Ltext60                                          text60       000000
__Ltext61                                          text61       000000
__Ltext62                                          text62       000000
__Ltext63                                          text63       000000
__Ltext64                                          text64       000000
__Ltext65                                          text65       000000
__Ltext66                                          text66       000000
__Ltext67                                          text67       000000
__Ltext68                                          text68       000000
__Ltext7                                           text7        000000
__Ltext8                                           text8        000000
__Ltext9                                           text9        000000
__S0                                               (abs)        00340E
__S1                                               (abs)        0005A8
__S4                                               (abs)        000000
__S5                                               (abs)        000000
___heap_hi                                         (abs)        000000
___heap_lo                                         (abs)        000000
___inthi_sp                                        stack        000000
___inthi_stack_hi                                  stack        000000
___inthi_stack_lo                                  stack        000000
___intlo_sp                                        stack        000000
___intlo_stack_hi                                  stack        000000
___intlo_stack_lo                                  stack        000000
___param_bank                                      (abs)        000000
___rparam_used                                     (abs)        000001
___sp                                              stack        000000
___stack_hi                                        stack        000000
___stack_lo                                        stack        000000
__accesstop                                        (abs)        000560
__activetblptr                                     (abs)        000003
__end_of_CLOCK_Initialize                          text29       00332C
__end_of_Default_ISR                               text49       003406
__end_of_INT0_CallBack                             text51       003026
__end_of_INT0_DefaultInterruptHandler              text52       003408
__end_of_INT0_ISR                                  text50       0032B8
__end_of_INT0_SetInterruptHandler                  text28       0033B2
__end_of_INT1_CallBack                             text57       003056
__end_of_INT1_DefaultInterruptHandler              text58       00340A
__end_of_INT1_ISR                                  text56       0032E8
__end_of_INT1_SetInterruptHandler                  text27       0033A4
__end_of_INT2_CallBack                             text61       003086
__end_of_INT2_DefaultInterruptHandler              text62       00340C
__end_of_INT2_ISR                                  text60       003318
__end_of_INT2_SetInterruptHandler                  text26       003396
__end_of_INTERRUPT_Initialize                      text25       002BA0
__end_of_IOC_ISR                                   text30       002E76
__end_of_IO_RA4_DefaultInterruptHandler            text39       0033FC
__end_of_IO_RA4_ISR                                text38       002FF6
__end_of_IO_RA4_SetInterruptHandler                text24       003388
__end_of_IO_RA5_DefaultInterruptHandler            text36       0033F6
__end_of_IO_RA5_ISR                                text35       002FC2
__end_of_IO_RA5_SetInterruptHandler                text23       00337A
__end_of_IO_RA6_DefaultInterruptHandler            text33       0033F0
__end_of_IO_RA6_ISR                                text32       002F8E
__end_of_IO_RA6_SetInterruptHandler                text22       00336C
__end_of_PIN_MANAGER_IOC                           text31       002EB4
__end_of_PIN_MANAGER_Initialize                    text21       0027AC
__end_of_SYSTEM_Initialize                         text16       00333E
__end_of_TMR0_DefaultOverflowCallback              text64       00340E
__end_of_TMR0_ISR                                  text63       002DF4
__end_of_TMR0_Initialize_startup_sequence          text3        002F5A
__end_of_TMR0_OverflowCallbackRegister             text2        003288
__end_of_Timer0                                    smallconst   00266A
__end_of_UART1                                     smallconst   002649
__end_of_UART1_FramingErrorCallbackRegister        text20       00313E
__end_of_UART1_Initialize                          text17       002D0A
__end_of_UART1_IsTxReady                           text14       002F26
__end_of_UART1_OverrunErrorCallbackRegister        text19       00311A
__end_of_UART1_ParityErrorCallbackRegister         text18       0030F6
__end_of_UART1_Write                               text13       00335E
__end_of__initialization                           cinit        002E32
__end_of_cylinder_set                              text55       003258
__end_of_fputc                                     text11       002878
__end_of_interrupt_routine_LS2_shooting            text59       003300
__end_of_interrupt_routine_trigger_1               text53       0032D0
__end_of_main                                      text0        003220
__end_of_printf                                    text8        0030D2
__end_of_putch                                     text12       0031A6
__end_of_resetActuators                            text15       0032A0
__end_of_safety_initialize                         text4        0029E8
__end_of_safety_set_1                              text7        003184
__end_of_safety_set_A                              text6        00334E
__end_of_safety_set_safe                           text5        0031C6
__end_of_startup_sequence_Init                     text1        003270
__end_of_startup_sequence_OnTimerInterrupt         text65       002EEE
__end_of_startup_sequence_actuator_off             text68       002A82
__end_of_startup_sequence_actuator_on              text67       002B16
__end_of_vfpfcnvrt                                 text10       002C1E
__end_of_vfprintf                                  text9        002D5A
__end_ofi1_INT0_SetInterruptHandler                text48       0033CE
__end_ofi1_UART1_IsTxReady                         text47       0030AE
__end_ofi1_UART1_Write                             text46       003402
__end_ofi1_fputc                                   text44       002942
__end_ofi1_printf                                  text41       003162
__end_ofi1_putch                                   text45       0031E6
__end_ofi1_safety_set_1                            text34       003204
__end_ofi1_safety_set_A                            text37       0033C0
__end_ofi1_safety_set_safe                         text40       00323C
__end_ofi1_vfpfcnvrt                               text43       002C9A
__end_ofi1_vfprintf                                text42       002DA8
__end_ofi2_INT1_SetInterruptHandler                text54       0033DC
__end_ofi2_TMR0_OverflowCallbackRegister           text66       0033EA
__initialization                                   cinit        002DF4
__mediumconst                                      smallconst   002600
__pbssBANK5                                        bssBANK5     000588
__pbssCOMRAM                                       bssCOMRAM    000525
__pcinit                                           cinit        002DF4
__pcstackBANK5                                     cstackBANK5  000560
__pcstackCOMRAM                                    cstackCOMRAM 000501
__pdataCOMRAM                                      dataCOMRAM   00054C
__pidataCOMRAM                                     idataCOMRAM  003402
__pivt0x8                                          ivt0x8       000008
__pnvCOMRAM                                        nvCOMRAM     000543
__psmallconst                                      smallconst   002600
__ptext0                                           text0        003204
__ptext1                                           text1        003258
__ptext10                                          text10       002BA0
__ptext11                                          text11       0027AC
__ptext12                                          text12       003184
__ptext13                                          text13       00334E
__ptext14                                          text14       002EEE
__ptext15                                          text15       003288
__ptext16                                          text16       00332C
__ptext17                                          text17       002C9A
__ptext18                                          text18       0030D2
__ptext19                                          text19       0030F6
__ptext2                                           text2        003270
__ptext20                                          text20       00311A
__ptext21                                          text21       0026D0
__ptext22                                          text22       00335E
__ptext23                                          text23       00336C
__ptext24                                          text24       00337A
__ptext25                                          text25       002B16
__ptext26                                          text26       003388
__ptext27                                          text27       003396
__ptext28                                          text28       0033A4
__ptext29                                          text29       003318
__ptext3                                           text3        002F26
__ptext30                                          text30       002E38
__ptext31                                          text31       002E76
__ptext32                                          text32       002F5A
__ptext33                                          text33       0033EA
__ptext34                                          text34       0031E6
__ptext35                                          text35       002F8E
__ptext36                                          text36       0033F0
__ptext37                                          text37       0033B2
__ptext38                                          text38       002FC2
__ptext39                                          text39       0033F6
__ptext4                                           text4        002942
__ptext40                                          text40       003220
__ptext41                                          text41       00313E
__ptext42                                          text42       002D5A
__ptext43                                          text43       002C1E
__ptext44                                          text44       002878
__ptext45                                          text45       0031C6
__ptext46                                          text46       0033FC
__ptext47                                          text47       003086
__ptext48                                          text48       0033C0
__ptext49                                          text49       003404
__ptext5                                           text5        0031A6
__ptext50                                          text50       0032A0
__ptext51                                          text51       002FF6
__ptext52                                          text52       003406
__ptext53                                          text53       0032B8
__ptext54                                          text54       0033CE
__ptext55                                          text55       00323C
__ptext56                                          text56       0032D0
__ptext57                                          text57       003026
__ptext58                                          text58       003408
__ptext59                                          text59       0032E8
__ptext6                                           text6        00333E
__ptext60                                          text60       003300
__ptext61                                          text61       003056
__ptext62                                          text62       00340A
__ptext63                                          text63       002DA8
__ptext64                                          text64       00340C
__ptext65                                          text65       002EB4
__ptext66                                          text66       0033DC
__ptext67                                          text67       002A82
__ptext68                                          text68       0029E8
__ptext7                                           text7        003162
__ptext8                                           text8        0030AE
__ptext9                                           text9        002D0A
__ramtop                                           ramtop       002600
__smallconst                                       smallconst   002600
_currentAct                                        dataCOMRAM   00054C
_cylinder_set                                      text55       00323C
_flags                                             bssCOMRAM    000542
_fputc                                             text11       0027AC
_interrupt_routine_LS2_shooting                    text59       0032E8
_interrupt_routine_trigger_1                       text53       0032B8
_main                                              text0        003204
_prec                                              bssCOMRAM    00053C
_printf                                            text8        0030AE
_putch                                             text12       003184
_resetActuators                                    text15       003288
_safetyStatus                                      dataCOMRAM   00054D
_safety_initialize                                 text4        002942
_safety_set_1                                      text7        003162
_safety_set_A                                      text6        00333E
_safety_set_safe                                   text5        0031A6
_startup_sequence_Init                             text1        003258
_startup_sequence_OnTimerInterrupt                 text65       002EB4
_startup_sequence_actuator_off                     text68       0029E8
_startup_sequence_actuator_on                      text67       002A82
_tmr0PeriodCount                                   bssCOMRAM    000540
_uart1RxLastError                                  bssCOMRAM    00053E
_vfpfcnvrt                                         text10       002BA0
_vfprintf                                          text9        002D0A
_width                                             bssCOMRAM    00053A
cylinder_set@extended                              cstackCOMRAM 000506
end_of_initialization                              cinit        002E32
fputc@c                                            cstackBANK5  000570
fputc@fp                                           cstackBANK5  000572
i1INT0_SetInterruptHandler@InterruptHandler        cstackCOMRAM 000512
i1UART1_Write@txData                               cstackCOMRAM 000512
i1_INT0_SetInterruptHandler                        text48       0033C0
i1_UART1_IsTxReady                                 text47       003086
i1_UART1_IsTxReady$1439                            cstackCOMRAM 000512
i1_UART1_Write                                     text46       0033FC
i1_fputc                                           text44       002878
i1_printf                                          text41       00313E
i1_putch                                           text45       0031C6
i1_safety_set_1                                    text34       0031E6
i1_safety_set_A                                    text37       0033B2
i1_safety_set_safe                                 text40       003220
i1_vfpfcnvrt                                       text43       002C1E
i1_vfprintf                                        text42       002D5A
i1fputc@c                                          cstackCOMRAM 000514
i1fputc@fp                                         cstackCOMRAM 000516
i1printf@ap                                        cstackBANK5  000565
i1printf@fmt                                       cstackCOMRAM 000524
i1putch@txData                                     cstackCOMRAM 000513
i1vfpfcnvrt@ap                                     cstackCOMRAM 000521
i1vfpfcnvrt@fmt                                    cstackCOMRAM 00051F
i1vfpfcnvrt@fp                                     cstackCOMRAM 00051D
i1vfprintf@ap                                      cstackBANK5  000563
i1vfprintf@cfmt                                    cstackCOMRAM 000523
i1vfprintf@fmt                                     cstackBANK5  000562
i1vfprintf@fp                                      cstackBANK5  000560
i2INT1_SetInterruptHandler@InterruptHandler        cstackCOMRAM 000506
i2TMR0_OverflowCallbackRegister@callbackHandler    cstackCOMRAM 00050D
i2_INT1_SetInterruptHandler                        text54       0033CE
i2_TMR0_OverflowCallbackRegister                   text66       0033DC
intlevel0                                          text         000000
intlevel1                                          text         000000
intlevel2                                          text         000000
intlevel3                                          text         000000
isa$std                                            (abs)        000001
isa$xinst                                          (abs)        000000
ivt0x8_base                                        ivt0x8       000008
ivt0x8_undefint                                    ivt0x8       000100
printf@ap                                          cstackBANK5  000586
printf@fmt                                         cstackBANK5  000585
putch@txData                                       cstackBANK5  00056F
stackhi                                            (abs)        000000
stacklo                                            (abs)        000000
start                                              init         000102
start_initialization                               cinit        002DF4
startup_sequence_actuator_off@i                    cstackCOMRAM 00050D
startup_sequence_actuator_on@i                     cstackCOMRAM 00050D
vfpfcnvrt@ap                                       cstackBANK5  00057D
vfpfcnvrt@fmt                                      cstackBANK5  00057B
vfpfcnvrt@fp                                       cstackBANK5  000579
vfprintf@ap                                        cstackBANK5  000582
vfprintf@cfmt                                      cstackBANK5  000584
vfprintf@fmt                                       cstackBANK5  000581
vfprintf@fp                                        cstackBANK5  00057F


MODULE INFORMATION

Module		Function		Class		Link	Load	Size
mcc_generated_files/system/src/interrupt.c
		_IOC_ISR       		CODE           	2E38	0000	62
		_INT0_SetInterruptHandler		CODE           	33A4	0000	14
		_INT1_SetInterruptHandler		CODE           	3396	0000	14
		_INT2_SetInterruptHandler		CODE           	3388	0000	14
		_INTERRUPT_Initialize		CODE           	2B16	0000	138
		_INT0_DefaultInterruptHandler		CODE           	3406	0000	2
		_INT0_CallBack 		CODE           	2FF6	0000	48
		_INT1_DefaultInterruptHandler		CODE           	3408	0000	2
		_INT1_CallBack 		CODE           	3026	0000	48
		_INT2_DefaultInterruptHandler		CODE           	340A	0000	2
		_INT2_CallBack 		CODE           	3056	0000	48
		_Default_ISR   		CODE           	3404	0000	2
		_INT0_ISR      		CODE           	32A0	0000	24
		_INT1_ISR      		CODE           	32D0	0000	24
		_INT2_ISR      		CODE           	3300	0000	24

mcc_generated_files/system/src/interrupt.c estimated size: 466

C:\Program Files\Microchip\xc8\v3.10\pic\sources\c99\common\printf.c
		_printf        		CODE           	30AE	0000	36

C:\Program Files\Microchip\xc8\v3.10\pic\sources\c99\common\printf.c estimated size: 36

startupsequence.c
		_startup_sequence_OnTimerInterrupt		CODE           	2EB4	0000	58
		_startup_sequence_Init		CODE           	3258	0000	24
		_startup_sequence_actuator_on		CODE           	2A82	0000	148
		_startup_sequence_actuator_off		CODE           	29E8	0000	154

startupsequence.c estimated size: 384

mcc_generated_files/uart/src/uart1.c
		_UART1_IsTxReady		CODE           	2EEE	0000	56
		_UART1_Write   		CODE           	334E	0000	16
		_putch         		CODE           	3184	0000	34
		_UART1_FramingErrorCallbackRegister		CODE           	311A	0000	36
		_UART1_OverrunErrorCallbackRegister		CODE           	30F6	0000	36
		_UART1_Initialize		CODE           	2C9A	0000	112
		_UART1_ParityErrorCallbackRegister		CODE           	30D2	0000	36

mcc_generated_files/uart/src/uart1.c estimated size: 326

config.c
		_cylinder_set  		CODE           	323C	0000	28
		_resetActuators		CODE           	3288	0000	24

config.c estimated size: 52

mcc_generated_files/system/src/pins.c
		_PIN_MANAGER_Initialize		CODE           	26D0	0000	220
		_IO_RA4_DefaultInterruptHandler		CODE           	33F6	0000	6
		_IO_RA4_ISR    		CODE           	2FC2	0000	52
		_IO_RA6_SetInterruptHandler		CODE           	335E	0000	14
		_IO_RA5_DefaultInterruptHandler		CODE           	33F0	0000	6
		_IO_RA5_ISR    		CODE           	2F8E	0000	52
		_IO_RA4_SetInterruptHandler		CODE           	337A	0000	14
		_PIN_MANAGER_IOC		CODE           	2E76	0000	62
		_IO_RA6_DefaultInterruptHandler		CODE           	33EA	0000	6
		_IO_RA6_ISR    		CODE           	2F5A	0000	52
		_IO_RA5_SetInterruptHandler		CODE           	336C	0000	14

mcc_generated_files/system/src/pins.c estimated size: 498

shared
		i1_UART1_IsTxReady		CODE           	3086	0000	40
		i1_printf      		CODE           	313E	0000	36
		i1_vfpfcnvrt   		CODE           	2C1E	0000	124
		i1_putch       		CODE           	31C6	0000	32
		i1_INT0_SetInterruptHandler		CODE           	33C0	0000	14
		i1_safety_set_safe		CODE           	3220	0000	28
		i2_TMR0_OverflowCallbackRegister		CODE           	33DC	0000	14
		i1_vfprintf    		CODE           	2D5A	0000	78
		i1_safety_set_1		CODE           	31E6	0000	30
		i1_safety_set_A		CODE           	33B2	0000	14
		__initialization		CODE           	2DF4	0000	62
		_UART1         		SMALLCONST     	2601	0000	72
		i2_INT1_SetInterruptHandler		CODE           	33CE	0000	14
		_Timer0        		SMALLCONST     	2649	0000	33
		i1_UART1_Write 		CODE           	33FC	0000	6
		i1_fputc       		CODE           	2878	0000	202

shared estimated size: 799

C:\Program Files\Microchip\xc8\v3.10\pic\sources\c99\common\nf_fputc.c
		_fputc         		CODE           	27AC	0000	204

C:\Program Files\Microchip\xc8\v3.10\pic\sources\c99\common\nf_fputc.c estimated size: 204

mcc_generated_files/system/src/clock.c
		_CLOCK_Initialize		CODE           	3318	0000	20

mcc_generated_files/system/src/clock.c estimated size: 20

safety.c
		_interrupt_routine_trigger_1		CODE           	32B8	0000	24
		_safety_set_1  		CODE           	3162	0000	34
		_safety_set_A  		CODE           	333E	0000	16
		_safety_initialize		CODE           	2942	0000	166
		_safety_set_safe		CODE           	31A6	0000	32
		_interrupt_routine_LS2_shooting		CODE           	32E8	0000	24

safety.c estimated size: 296

mcc_generated_files/timer/src/tmr0.c
		_TMR0_OverflowCallbackRegister		CODE           	3270	0000	24
		_TMR0_DefaultOverflowCallback		CODE           	340C	0000	2
		_TMR0_Initialize_startup_sequence		CODE           	2F26	0000	52
		_TMR0_ISR      		CODE           	2DA8	0000	76

mcc_generated_files/timer/src/tmr0.c estimated size: 154

C:\Program Files\Microchip\xc8\v3.10\pic\sources\c99\common\doprnt.c
		_vfpfcnvrt     		CODE           	2BA0	0000	126
		_vfprintf      		CODE           	2D0A	0000	80

C:\Program Files\Microchip\xc8\v3.10\pic\sources\c99\common\doprnt.c estimated size: 206

main.c
		_main          		CODE           	3204	0000	28

main.c estimated size: 28

mcc_generated_files/system/src/system.c
		_SYSTEM_Initialize		CODE           	332C	0000	18

mcc_generated_files/system/src/system.c estimated size: 18

